╭ logs · api · on aws-api-staging · fetched 3s ago ────────────────────────────────────────────────╮
│2026-05-09 19:41:58  10.0.0.42  GET /api/v1/health 200 17ms                                       │
│2026-05-09 19:42:01  198.51.100.7  POST /webhooks/github 202 41ms                                 │
│2026-05-09 19:42:05  upstream timed out (110: Operation timed out)                                │
│2026-05-09 19:42:11  10.0.0.42  GET /api/v1/health 200 16ms                                       │
│                                                                                                  │
│                                                                                                  │
│                                                                                                  │
│                                                                                                  │
│                                                                                                  │
│                                                                                                  │
│                                                                                                  │
│                                                                                                  │
│                                                                                                  │
│                                                                                                  │
│                                                                                                  │
│                                                                                                  │
│                                                                                                  │
│                                                                                                  │
│                                                                                                  │
│                                                                                                  │
│                                                                                                  │
│                                                                                                  │
│                                                                                                  │
│                                                                                                  │
│                                                                                                  │
│                                                                                                  │
╰──────────────────────────────────────────────────────────────────────────────────────────────────╯
 /  api (1 of 2)                                                                                    
 Esc  close    Tab/Shift-Tab  match    ←/→  move    Bksp  del                                       
---STYLES---
(0,0) fg=Magenta bg=Reset mod=-
(1,0) fg=Magenta bg=Reset mod=BOLD
(2,0) fg=Magenta bg=Reset mod=BOLD
(3,0) fg=Magenta bg=Reset mod=BOLD
(4,0) fg=Magenta bg=Reset mod=BOLD
(5,0) fg=Magenta bg=Reset mod=BOLD
(6,0) fg=Magenta bg=Reset mod=BOLD
(7,0) fg=Magenta bg=Reset mod=BOLD
(8,0) fg=Magenta bg=Reset mod=BOLD
(9,0) fg=Magenta bg=Reset mod=BOLD
(10,0) fg=Magenta bg=Reset mod=BOLD
(11,0) fg=Magenta bg=Reset mod=BOLD
(12,0) fg=Magenta bg=Reset mod=BOLD
(13,0) fg=Magenta bg=Reset mod=DIM
(14,0) fg=Magenta bg=Reset mod=DIM
(15,0) fg=Magenta bg=Reset mod=DIM
(16,0) fg=Magenta bg=Reset mod=DIM
(17,0) fg=Magenta bg=Reset mod=DIM
(18,0) fg=Magenta bg=Reset mod=DIM
(19,0) fg=Magenta bg=Reset mod=DIM
(20,0) fg=Magenta bg=Reset mod=DIM
(21,0) fg=Magenta bg=Reset mod=DIM
(22,0) fg=Magenta bg=Reset mod=DIM
(23,0) fg=Magenta bg=Reset mod=DIM
(24,0) fg=Magenta bg=Reset mod=DIM
(25,0) fg=Magenta bg=Reset mod=DIM
(26,0) fg=Magenta bg=Reset mod=DIM
(27,0) fg=Magenta bg=Reset mod=DIM
(28,0) fg=Magenta bg=Reset mod=DIM
(29,0) fg=Magenta bg=Reset mod=DIM
(30,0) fg=Magenta bg=Reset mod=DIM
(31,0) fg=Magenta bg=Reset mod=DIM
(32,0) fg=Magenta bg=Reset mod=DIM
(33,0) fg=Magenta bg=Reset mod=DIM
(34,0) fg=Magenta bg=Reset mod=DIM
(35,0) fg=Magenta bg=Reset mod=DIM
(36,0) fg=Magenta bg=Reset mod=DIM
(37,0) fg=Magenta bg=Reset mod=DIM
(38,0) fg=Magenta bg=Reset mod=DIM
(39,0) fg=Magenta bg=Reset mod=DIM
(40,0) fg=Magenta bg=Reset mod=DIM
(41,0) fg=Magenta bg=Reset mod=DIM
(42,0) fg=Magenta bg=Reset mod=DIM
(43,0) fg=Magenta bg=Reset mod=DIM
(44,0) fg=Magenta bg=Reset mod=DIM
(45,0) fg=Magenta bg=Reset mod=DIM
(46,0) fg=Magenta bg=Reset mod=DIM
(47,0) fg=Magenta bg=Reset mod=DIM
(48,0) fg=Magenta bg=Reset mod=DIM
(49,0) fg=Magenta bg=Reset mod=DIM
(50,0) fg=Magenta bg=Reset mod=DIM
(51,0) fg=Magenta bg=Reset mod=-
(52,0) fg=Magenta bg=Reset mod=-
(53,0) fg=Magenta bg=Reset mod=-
(54,0) fg=Magenta bg=Reset mod=-
(55,0) fg=Magenta bg=Reset mod=-
(56,0) fg=Magenta bg=Reset mod=-
(57,0) fg=Magenta bg=Reset mod=-
(58,0) fg=Magenta bg=Reset mod=-
(59,0) fg=Magenta bg=Reset mod=-
(60,0) fg=Magenta bg=Reset mod=-
(61,0) fg=Magenta bg=Reset mod=-
(62,0) fg=Magenta bg=Reset mod=-
(63,0) fg=Magenta bg=Reset mod=-
(64,0) fg=Magenta bg=Reset mod=-
(65,0) fg=Magenta bg=Reset mod=-
(66,0) fg=Magenta bg=Reset mod=-
(67,0) fg=Magenta bg=Reset mod=-
(68,0) fg=Magenta bg=Reset mod=-
(69,0) fg=Magenta bg=Reset mod=-
(70,0) fg=Magenta bg=Reset mod=-
(71,0) fg=Magenta bg=Reset mod=-
(72,0) fg=Magenta bg=Reset mod=-
(73,0) fg=Magenta bg=Reset mod=-
(74,0) fg=Magenta bg=Reset mod=-
(75,0) fg=Magenta bg=Reset mod=-
(76,0) fg=Magenta bg=Reset mod=-
(77,0) fg=Magenta bg=Reset mod=-
(78,0) fg=Magenta bg=Reset mod=-
(79,0) fg=Magenta bg=Reset mod=-
(80,0) fg=Magenta bg=Reset mod=-
(81,0) fg=Magenta bg=Reset mod=-
(82,0) fg=Magenta bg=Reset mod=-
(83,0) fg=Magenta bg=Reset mod=-
(84,0) fg=Magenta bg=Reset mod=-
(85,0) fg=Magenta bg=Reset mod=-
(86,0) fg=Magenta bg=Reset mod=-
(87,0) fg=Magenta bg=Reset mod=-
(88,0) fg=Magenta bg=Reset mod=-
(89,0) fg=Magenta bg=Reset mod=-
(90,0) fg=Magenta bg=Reset mod=-
(91,0) fg=Magenta bg=Reset mod=-
(92,0) fg=Magenta bg=Reset mod=-
(93,0) fg=Magenta bg=Reset mod=-
(94,0) fg=Magenta bg=Reset mod=-
(95,0) fg=Magenta bg=Reset mod=-
(96,0) fg=Magenta bg=Reset mod=-
(97,0) fg=Magenta bg=Reset mod=-
(98,0) fg=Magenta bg=Reset mod=-
(99,0) fg=Magenta bg=Reset mod=-
(0,1) fg=Magenta bg=Reset mod=-
(38,1) fg=White bg=Magenta mod=BOLD
(39,1) fg=White bg=Magenta mod=BOLD
(40,1) fg=White bg=Magenta mod=BOLD
(99,1) fg=Magenta bg=Reset mod=-
(0,2) fg=Magenta bg=Reset mod=-
(99,2) fg=Magenta bg=Reset mod=-
(0,3) fg=Magenta bg=Reset mod=-
(99,3) fg=Magenta bg=Reset mod=-
(0,4) fg=Magenta bg=Reset mod=-
(38,4) fg=Reset bg=Reset mod=BOLD|REVERSED
(39,4) fg=Reset bg=Reset mod=BOLD|REVERSED
(40,4) fg=Reset bg=Reset mod=BOLD|REVERSED
(99,4) fg=Magenta bg=Reset mod=-
(0,5) fg=Magenta bg=Reset mod=-
(99,5) fg=Magenta bg=Reset mod=-
(0,6) fg=Magenta bg=Reset mod=-
(99,6) fg=Magenta bg=Reset mod=-
(0,7) fg=Magenta bg=Reset mod=-
(99,7) fg=Magenta bg=Reset mod=-
(0,8) fg=Magenta bg=Reset mod=-
(99,8) fg=Magenta bg=Reset mod=-
(0,9) fg=Magenta bg=Reset mod=-
(99,9) fg=Magenta bg=Reset mod=-
(0,10) fg=Magenta bg=Reset mod=-
(99,10) fg=Magenta bg=Reset mod=-
(0,11) fg=Magenta bg=Reset mod=-
(99,11) fg=Magenta bg=Reset mod=-
(0,12) fg=Magenta bg=Reset mod=-
(99,12) fg=Magenta bg=Reset mod=-
(0,13) fg=Magenta bg=Reset mod=-
(99,13) fg=Magenta bg=Reset mod=-
(0,14) fg=Magenta bg=Reset mod=-
(99,14) fg=Magenta bg=Reset mod=-
(0,15) fg=Magenta bg=Reset mod=-
(99,15) fg=Magenta bg=Reset mod=-
(0,16) fg=Magenta bg=Reset mod=-
(99,16) fg=Magenta bg=Reset mod=-
(0,17) fg=Magenta bg=Reset mod=-
(99,17) fg=Magenta bg=Reset mod=-
(0,18) fg=Magenta bg=Reset mod=-
(99,18) fg=Magenta bg=Reset mod=-
(0,19) fg=Magenta bg=Reset mod=-
(99,19) fg=Magenta bg=Reset mod=-
(0,20) fg=Magenta bg=Reset mod=-
(99,20) fg=Magenta bg=Reset mod=-
(0,21) fg=Magenta bg=Reset mod=-
(99,21) fg=Magenta bg=Reset mod=-
(0,22) fg=Magenta bg=Reset mod=-
(99,22) fg=Magenta bg=Reset mod=-
(0,23) fg=Magenta bg=Reset mod=-
(99,23) fg=Magenta bg=Reset mod=-
(0,24) fg=Magenta bg=Reset mod=-
(99,24) fg=Magenta bg=Reset mod=-
(0,25) fg=Magenta bg=Reset mod=-
(99,25) fg=Magenta bg=Reset mod=-
(0,26) fg=Magenta bg=Reset mod=-
(99,26) fg=Magenta bg=Reset mod=-
(0,27) fg=Magenta bg=Reset mod=-
(1,27) fg=Magenta bg=Reset mod=-
(2,27) fg=Magenta bg=Reset mod=-
(3,27) fg=Magenta bg=Reset mod=-
(4,27) fg=Magenta bg=Reset mod=-
(5,27) fg=Magenta bg=Reset mod=-
(6,27) fg=Magenta bg=Reset mod=-
(7,27) fg=Magenta bg=Reset mod=-
(8,27) fg=Magenta bg=Reset mod=-
(9,27) fg=Magenta bg=Reset mod=-
(10,27) fg=Magenta bg=Reset mod=-
(11,27) fg=Magenta bg=Reset mod=-
(12,27) fg=Magenta bg=Reset mod=-
(13,27) fg=Magenta bg=Reset mod=-
(14,27) fg=Magenta bg=Reset mod=-
(15,27) fg=Magenta bg=Reset mod=-
(16,27) fg=Magenta bg=Reset mod=-
(17,27) fg=Magenta bg=Reset mod=-
(18,27) fg=Magenta bg=Reset mod=-
(19,27) fg=Magenta bg=Reset mod=-
(20,27) fg=Magenta bg=Reset mod=-
(21,27) fg=Magenta bg=Reset mod=-
(22,27) fg=Magenta bg=Reset mod=-
(23,27) fg=Magenta bg=Reset mod=-
(24,27) fg=Magenta bg=Reset mod=-
(25,27) fg=Magenta bg=Reset mod=-
(26,27) fg=Magenta bg=Reset mod=-
(27,27) fg=Magenta bg=Reset mod=-
(28,27) fg=Magenta bg=Reset mod=-
(29,27) fg=Magenta bg=Reset mod=-
(30,27) fg=Magenta bg=Reset mod=-
(31,27) fg=Magenta bg=Reset mod=-
(32,27) fg=Magenta bg=Reset mod=-
(33,27) fg=Magenta bg=Reset mod=-
(34,27) fg=Magenta bg=Reset mod=-
(35,27) fg=Magenta bg=Reset mod=-
(36,27) fg=Magenta bg=Reset mod=-
(37,27) fg=Magenta bg=Reset mod=-
(38,27) fg=Magenta bg=Reset mod=-
(39,27) fg=Magenta bg=Reset mod=-
(40,27) fg=Magenta bg=Reset mod=-
(41,27) fg=Magenta bg=Reset mod=-
(42,27) fg=Magenta bg=Reset mod=-
(43,27) fg=Magenta bg=Reset mod=-
(44,27) fg=Magenta bg=Reset mod=-
(45,27) fg=Magenta bg=Reset mod=-
(46,27) fg=Magenta bg=Reset mod=-
(47,27) fg=Magenta bg=Reset mod=-
(48,27) fg=Magenta bg=Reset mod=-
(49,27) fg=Magenta bg=Reset mod=-
(50,27) fg=Magenta bg=Reset mod=-
(51,27) fg=Magenta bg=Reset mod=-
(52,27) fg=Magenta bg=Reset mod=-
(53,27) fg=Magenta bg=Reset mod=-
(54,27) fg=Magenta bg=Reset mod=-
(55,27) fg=Magenta bg=Reset mod=-
(56,27) fg=Magenta bg=Reset mod=-
(57,27) fg=Magenta bg=Reset mod=-
(58,27) fg=Magenta bg=Reset mod=-
(59,27) fg=Magenta bg=Reset mod=-
(60,27) fg=Magenta bg=Reset mod=-
(61,27) fg=Magenta bg=Reset mod=-
(62,27) fg=Magenta bg=Reset mod=-
(63,27) fg=Magenta bg=Reset mod=-
(64,27) fg=Magenta bg=Reset mod=-
(65,27) fg=Magenta bg=Reset mod=-
(66,27) fg=Magenta bg=Reset mod=-
(67,27) fg=Magenta bg=Reset mod=-
(68,27) fg=Magenta bg=Reset mod=-
(69,27) fg=Magenta bg=Reset mod=-
(70,27) fg=Magenta bg=Reset mod=-
(71,27) fg=Magenta bg=Reset mod=-
(72,27) fg=Magenta bg=Reset mod=-
(73,27) fg=Magenta bg=Reset mod=-
(74,27) fg=Magenta bg=Reset mod=-
(75,27) fg=Magenta bg=Reset mod=-
(76,27) fg=Magenta bg=Reset mod=-
(77,27) fg=Magenta bg=Reset mod=-
(78,27) fg=Magenta bg=Reset mod=-
(79,27) fg=Magenta bg=Reset mod=-
(80,27) fg=Magenta bg=Reset mod=-
(81,27) fg=Magenta bg=Reset mod=-
(82,27) fg=Magenta bg=Reset mod=-
(83,27) fg=Magenta bg=Reset mod=-
(84,27) fg=Magenta bg=Reset mod=-
(85,27) fg=Magenta bg=Reset mod=-
(86,27) fg=Magenta bg=Reset mod=-
(87,27) fg=Magenta bg=Reset mod=-
(88,27) fg=Magenta bg=Reset mod=-
(89,27) fg=Magenta bg=Reset mod=-
(90,27) fg=Magenta bg=Reset mod=-
(91,27) fg=Magenta bg=Reset mod=-
(92,27) fg=Magenta bg=Reset mod=-
(93,27) fg=Magenta bg=Reset mod=-
(94,27) fg=Magenta bg=Reset mod=-
(95,27) fg=Magenta bg=Reset mod=-
(96,27) fg=Magenta bg=Reset mod=-
(97,27) fg=Magenta bg=Reset mod=-
(98,27) fg=Magenta bg=Reset mod=-
(99,27) fg=Magenta bg=Reset mod=-
(0,28) fg=White bg=Magenta mod=BOLD
(1,28) fg=White bg=Magenta mod=BOLD
(2,28) fg=White bg=Magenta mod=BOLD
(7,28) fg=Reset bg=Reset mod=DIM
(8,28) fg=Reset bg=Reset mod=DIM
(9,28) fg=Reset bg=Reset mod=DIM
(10,28) fg=Reset bg=Reset mod=DIM
(11,28) fg=Reset bg=Reset mod=DIM
(12,28) fg=Reset bg=Reset mod=DIM
(13,28) fg=Reset bg=Reset mod=DIM
(14,28) fg=Reset bg=Reset mod=DIM
(15,28) fg=Reset bg=Reset mod=DIM
(0,29) fg=White bg=DarkGray mod=-
(1,29) fg=White bg=DarkGray mod=-
(2,29) fg=White bg=DarkGray mod=-
(3,29) fg=White bg=DarkGray mod=-
(4,29) fg=White bg=DarkGray mod=-
(5,29) fg=Reset bg=Reset mod=DIM
(6,29) fg=Reset bg=Reset mod=DIM
(7,29) fg=Reset bg=Reset mod=DIM
(8,29) fg=Reset bg=Reset mod=DIM
(9,29) fg=Reset bg=Reset mod=DIM
(10,29) fg=Reset bg=Reset mod=DIM
(11,29) fg=Reset bg=Reset mod=DIM
(14,29) fg=White bg=DarkGray mod=-
(15,29) fg=White bg=DarkGray mod=-
(16,29) fg=White bg=DarkGray mod=-
(17,29) fg=White bg=DarkGray mod=-
(18,29) fg=White bg=DarkGray mod=-
(19,29) fg=White bg=DarkGray mod=-
(20,29) fg=White bg=DarkGray mod=-
(21,29) fg=White bg=DarkGray mod=-
(22,29) fg=White bg=DarkGray mod=-
(23,29) fg=White bg=DarkGray mod=-
(24,29) fg=White bg=DarkGray mod=-
(25,29) fg=White bg=DarkGray mod=-
(26,29) fg=White bg=DarkGray mod=-
(27,29) fg=White bg=DarkGray mod=-
(28,29) fg=White bg=DarkGray mod=-
(29,29) fg=Reset bg=Reset mod=DIM
(30,29) fg=Reset bg=Reset mod=DIM
(31,29) fg=Reset bg=Reset mod=DIM
(32,29) fg=Reset bg=Reset mod=DIM
(33,29) fg=Reset bg=Reset mod=DIM
(34,29) fg=Reset bg=Reset mod=DIM
(35,29) fg=Reset bg=Reset mod=DIM
(38,29) fg=White bg=DarkGray mod=-
(39,29) fg=White bg=DarkGray mod=-
(40,29) fg=White bg=DarkGray mod=-
(41,29) fg=White bg=DarkGray mod=-
(42,29) fg=White bg=DarkGray mod=-
(43,29) fg=Reset bg=Reset mod=DIM
(44,29) fg=Reset bg=Reset mod=DIM
(45,29) fg=Reset bg=Reset mod=DIM
(46,29) fg=Reset bg=Reset mod=DIM
(47,29) fg=Reset bg=Reset mod=DIM
(48,29) fg=Reset bg=Reset mod=DIM
(51,29) fg=White bg=DarkGray mod=-
(52,29) fg=White bg=DarkGray mod=-
(53,29) fg=White bg=DarkGray mod=-
(54,29) fg=White bg=DarkGray mod=-
(55,29) fg=White bg=DarkGray mod=-
(56,29) fg=White bg=DarkGray mod=-
(57,29) fg=Reset bg=Reset mod=DIM
(58,29) fg=Reset bg=Reset mod=DIM
(59,29) fg=Reset bg=Reset mod=DIM
(60,29) fg=Reset bg=Reset mod=DIM
(61,29) fg=Reset bg=Reset mod=DIM
