╭ logs · api · on aws-api-staging · fetched 3s ago ────────────────────────────────────────────────╮
│2026-05-09 19:41:58  10.0.0.42  GET /api/v1/health 200 17ms                                       │
│2026-05-09 19:42:01  198.51.100.7  POST /webhooks/github 202 41ms                                 │
│2026-05-09 19:42:05  upstream timed out (110: Operation timed out)                                │
│2026-05-09 19:42:11  10.0.0.42  GET /api/v1/health 200 16ms                                       │
│                                                                                                  │
│                                                                                                  │
│                                                                                                  │
│                                                                                                  │
│                                                                                                  │
│                                                                                                  │
│                                                                                                  │
│                                                                                                  │
│                                                                                                  │
│                                                                                                  │
│                                                                                                  │
│                                                                                                  │
│                                                                                                  │
│                                                                                                  │
│                                                                                                  │
│                                                                                                  │
│                                                                                                  │
│                                                                                                  │
│                                                                                                  │
│                                                                                                  │
│                                                                                                  │
│                                                                                                  │
│                                                                                                  │
╰──────────────────────────────────────────────────────────────────────────────────────────────────╯
 Esc  back    g  top    G  bottom    j/k  scroll    PgUp/PgDn  page    r  refresh                   
---STYLES---
(0,0) fg=Reset bg=Reset mod=DIM
(1,0) fg=Reset bg=Reset mod=BOLD|DIM
(2,0) fg=Reset bg=Reset mod=BOLD|DIM
(3,0) fg=Reset bg=Reset mod=BOLD|DIM
(4,0) fg=Reset bg=Reset mod=BOLD|DIM
(5,0) fg=Reset bg=Reset mod=BOLD|DIM
(6,0) fg=Reset bg=Reset mod=BOLD|DIM
(7,0) fg=Reset bg=Reset mod=BOLD|DIM
(8,0) fg=Reset bg=Reset mod=BOLD|DIM
(9,0) fg=Reset bg=Reset mod=BOLD|DIM
(10,0) fg=Reset bg=Reset mod=BOLD|DIM
(11,0) fg=Reset bg=Reset mod=BOLD|DIM
(12,0) fg=Reset bg=Reset mod=BOLD|DIM
(13,0) fg=Reset bg=Reset mod=DIM
(14,0) fg=Reset bg=Reset mod=DIM
(15,0) fg=Reset bg=Reset mod=DIM
(16,0) fg=Reset bg=Reset mod=DIM
(17,0) fg=Reset bg=Reset mod=DIM
(18,0) fg=Reset bg=Reset mod=DIM
(19,0) fg=Reset bg=Reset mod=DIM
(20,0) fg=Reset bg=Reset mod=DIM
(21,0) fg=Reset bg=Reset mod=DIM
(22,0) fg=Reset bg=Reset mod=DIM
(23,0) fg=Reset bg=Reset mod=DIM
(24,0) fg=Reset bg=Reset mod=DIM
(25,0) fg=Reset bg=Reset mod=DIM
(26,0) fg=Reset bg=Reset mod=DIM
(27,0) fg=Reset bg=Reset mod=DIM
(28,0) fg=Reset bg=Reset mod=DIM
(29,0) fg=Reset bg=Reset mod=DIM
(30,0) fg=Reset bg=Reset mod=DIM
(31,0) fg=Reset bg=Reset mod=DIM
(32,0) fg=Reset bg=Reset mod=DIM
(33,0) fg=Reset bg=Reset mod=DIM
(34,0) fg=Reset bg=Reset mod=DIM
(35,0) fg=Reset bg=Reset mod=DIM
(36,0) fg=Reset bg=Reset mod=DIM
(37,0) fg=Reset bg=Reset mod=DIM
(38,0) fg=Reset bg=Reset mod=DIM
(39,0) fg=Reset bg=Reset mod=DIM
(40,0) fg=Reset bg=Reset mod=DIM
(41,0) fg=Reset bg=Reset mod=DIM
(42,0) fg=Reset bg=Reset mod=DIM
(43,0) fg=Reset bg=Reset mod=DIM
(44,0) fg=Reset bg=Reset mod=DIM
(45,0) fg=Reset bg=Reset mod=DIM
(46,0) fg=Reset bg=Reset mod=DIM
(47,0) fg=Reset bg=Reset mod=DIM
(48,0) fg=Reset bg=Reset mod=DIM
(49,0) fg=Reset bg=Reset mod=DIM
(50,0) fg=Reset bg=Reset mod=DIM
(51,0) fg=Reset bg=Reset mod=DIM
(52,0) fg=Reset bg=Reset mod=DIM
(53,0) fg=Reset bg=Reset mod=DIM
(54,0) fg=Reset bg=Reset mod=DIM
(55,0) fg=Reset bg=Reset mod=DIM
(56,0) fg=Reset bg=Reset mod=DIM
(57,0) fg=Reset bg=Reset mod=DIM
(58,0) fg=Reset bg=Reset mod=DIM
(59,0) fg=Reset bg=Reset mod=DIM
(60,0) fg=Reset bg=Reset mod=DIM
(61,0) fg=Reset bg=Reset mod=DIM
(62,0) fg=Reset bg=Reset mod=DIM
(63,0) fg=Reset bg=Reset mod=DIM
(64,0) fg=Reset bg=Reset mod=DIM
(65,0) fg=Reset bg=Reset mod=DIM
(66,0) fg=Reset bg=Reset mod=DIM
(67,0) fg=Reset bg=Reset mod=DIM
(68,0) fg=Reset bg=Reset mod=DIM
(69,0) fg=Reset bg=Reset mod=DIM
(70,0) fg=Reset bg=Reset mod=DIM
(71,0) fg=Reset bg=Reset mod=DIM
(72,0) fg=Reset bg=Reset mod=DIM
(73,0) fg=Reset bg=Reset mod=DIM
(74,0) fg=Reset bg=Reset mod=DIM
(75,0) fg=Reset bg=Reset mod=DIM
(76,0) fg=Reset bg=Reset mod=DIM
(77,0) fg=Reset bg=Reset mod=DIM
(78,0) fg=Reset bg=Reset mod=DIM
(79,0) fg=Reset bg=Reset mod=DIM
(80,0) fg=Reset bg=Reset mod=DIM
(81,0) fg=Reset bg=Reset mod=DIM
(82,0) fg=Reset bg=Reset mod=DIM
(83,0) fg=Reset bg=Reset mod=DIM
(84,0) fg=Reset bg=Reset mod=DIM
(85,0) fg=Reset bg=Reset mod=DIM
(86,0) fg=Reset bg=Reset mod=DIM
(87,0) fg=Reset bg=Reset mod=DIM
(88,0) fg=Reset bg=Reset mod=DIM
(89,0) fg=Reset bg=Reset mod=DIM
(90,0) fg=Reset bg=Reset mod=DIM
(91,0) fg=Reset bg=Reset mod=DIM
(92,0) fg=Reset bg=Reset mod=DIM
(93,0) fg=Reset bg=Reset mod=DIM
(94,0) fg=Reset bg=Reset mod=DIM
(95,0) fg=Reset bg=Reset mod=DIM
(96,0) fg=Reset bg=Reset mod=DIM
(97,0) fg=Reset bg=Reset mod=DIM
(98,0) fg=Reset bg=Reset mod=DIM
(99,0) fg=Reset bg=Reset mod=DIM
(0,1) fg=Reset bg=Reset mod=DIM
(99,1) fg=Reset bg=Reset mod=DIM
(0,2) fg=Reset bg=Reset mod=DIM
(99,2) fg=Reset bg=Reset mod=DIM
(0,3) fg=Reset bg=Reset mod=DIM
(99,3) fg=Reset bg=Reset mod=DIM
(0,4) fg=Reset bg=Reset mod=DIM
(99,4) fg=Reset bg=Reset mod=DIM
(0,5) fg=Reset bg=Reset mod=DIM
(99,5) fg=Reset bg=Reset mod=DIM
(0,6) fg=Reset bg=Reset mod=DIM
(99,6) fg=Reset bg=Reset mod=DIM
(0,7) fg=Reset bg=Reset mod=DIM
(99,7) fg=Reset bg=Reset mod=DIM
(0,8) fg=Reset bg=Reset mod=DIM
(99,8) fg=Reset bg=Reset mod=DIM
(0,9) fg=Reset bg=Reset mod=DIM
(99,9) fg=Reset bg=Reset mod=DIM
(0,10) fg=Reset bg=Reset mod=DIM
(99,10) fg=Reset bg=Reset mod=DIM
(0,11) fg=Reset bg=Reset mod=DIM
(99,11) fg=Reset bg=Reset mod=DIM
(0,12) fg=Reset bg=Reset mod=DIM
(99,12) fg=Reset bg=Reset mod=DIM
(0,13) fg=Reset bg=Reset mod=DIM
(99,13) fg=Reset bg=Reset mod=DIM
(0,14) fg=Reset bg=Reset mod=DIM
(99,14) fg=Reset bg=Reset mod=DIM
(0,15) fg=Reset bg=Reset mod=DIM
(99,15) fg=Reset bg=Reset mod=DIM
(0,16) fg=Reset bg=Reset mod=DIM
(99,16) fg=Reset bg=Reset mod=DIM
(0,17) fg=Reset bg=Reset mod=DIM
(99,17) fg=Reset bg=Reset mod=DIM
(0,18) fg=Reset bg=Reset mod=DIM
(99,18) fg=Reset bg=Reset mod=DIM
(0,19) fg=Reset bg=Reset mod=DIM
(99,19) fg=Reset bg=Reset mod=DIM
(0,20) fg=Reset bg=Reset mod=DIM
(99,20) fg=Reset bg=Reset mod=DIM
(0,21) fg=Reset bg=Reset mod=DIM
(99,21) fg=Reset bg=Reset mod=DIM
(0,22) fg=Reset bg=Reset mod=DIM
(99,22) fg=Reset bg=Reset mod=DIM
(0,23) fg=Reset bg=Reset mod=DIM
(99,23) fg=Reset bg=Reset mod=DIM
(0,24) fg=Reset bg=Reset mod=DIM
(99,24) fg=Reset bg=Reset mod=DIM
(0,25) fg=Reset bg=Reset mod=DIM
(99,25) fg=Reset bg=Reset mod=DIM
(0,26) fg=Reset bg=Reset mod=DIM
(99,26) fg=Reset bg=Reset mod=DIM
(0,27) fg=Reset bg=Reset mod=DIM
(99,27) fg=Reset bg=Reset mod=DIM
(0,28) fg=Reset bg=Reset mod=DIM
(1,28) fg=Reset bg=Reset mod=DIM
(2,28) fg=Reset bg=Reset mod=DIM
(3,28) fg=Reset bg=Reset mod=DIM
(4,28) fg=Reset bg=Reset mod=DIM
(5,28) fg=Reset bg=Reset mod=DIM
(6,28) fg=Reset bg=Reset mod=DIM
(7,28) fg=Reset bg=Reset mod=DIM
(8,28) fg=Reset bg=Reset mod=DIM
(9,28) fg=Reset bg=Reset mod=DIM
(10,28) fg=Reset bg=Reset mod=DIM
(11,28) fg=Reset bg=Reset mod=DIM
(12,28) fg=Reset bg=Reset mod=DIM
(13,28) fg=Reset bg=Reset mod=DIM
(14,28) fg=Reset bg=Reset mod=DIM
(15,28) fg=Reset bg=Reset mod=DIM
(16,28) fg=Reset bg=Reset mod=DIM
(17,28) fg=Reset bg=Reset mod=DIM
(18,28) fg=Reset bg=Reset mod=DIM
(19,28) fg=Reset bg=Reset mod=DIM
(20,28) fg=Reset bg=Reset mod=DIM
(21,28) fg=Reset bg=Reset mod=DIM
(22,28) fg=Reset bg=Reset mod=DIM
(23,28) fg=Reset bg=Reset mod=DIM
(24,28) fg=Reset bg=Reset mod=DIM
(25,28) fg=Reset bg=Reset mod=DIM
(26,28) fg=Reset bg=Reset mod=DIM
(27,28) fg=Reset bg=Reset mod=DIM
(28,28) fg=Reset bg=Reset mod=DIM
(29,28) fg=Reset bg=Reset mod=DIM
(30,28) fg=Reset bg=Reset mod=DIM
(31,28) fg=Reset bg=Reset mod=DIM
(32,28) fg=Reset bg=Reset mod=DIM
(33,28) fg=Reset bg=Reset mod=DIM
(34,28) fg=Reset bg=Reset mod=DIM
(35,28) fg=Reset bg=Reset mod=DIM
(36,28) fg=Reset bg=Reset mod=DIM
(37,28) fg=Reset bg=Reset mod=DIM
(38,28) fg=Reset bg=Reset mod=DIM
(39,28) fg=Reset bg=Reset mod=DIM
(40,28) fg=Reset bg=Reset mod=DIM
(41,28) fg=Reset bg=Reset mod=DIM
(42,28) fg=Reset bg=Reset mod=DIM
(43,28) fg=Reset bg=Reset mod=DIM
(44,28) fg=Reset bg=Reset mod=DIM
(45,28) fg=Reset bg=Reset mod=DIM
(46,28) fg=Reset bg=Reset mod=DIM
(47,28) fg=Reset bg=Reset mod=DIM
(48,28) fg=Reset bg=Reset mod=DIM
(49,28) fg=Reset bg=Reset mod=DIM
(50,28) fg=Reset bg=Reset mod=DIM
(51,28) fg=Reset bg=Reset mod=DIM
(52,28) fg=Reset bg=Reset mod=DIM
(53,28) fg=Reset bg=Reset mod=DIM
(54,28) fg=Reset bg=Reset mod=DIM
(55,28) fg=Reset bg=Reset mod=DIM
(56,28) fg=Reset bg=Reset mod=DIM
(57,28) fg=Reset bg=Reset mod=DIM
(58,28) fg=Reset bg=Reset mod=DIM
(59,28) fg=Reset bg=Reset mod=DIM
(60,28) fg=Reset bg=Reset mod=DIM
(61,28) fg=Reset bg=Reset mod=DIM
(62,28) fg=Reset bg=Reset mod=DIM
(63,28) fg=Reset bg=Reset mod=DIM
(64,28) fg=Reset bg=Reset mod=DIM
(65,28) fg=Reset bg=Reset mod=DIM
(66,28) fg=Reset bg=Reset mod=DIM
(67,28) fg=Reset bg=Reset mod=DIM
(68,28) fg=Reset bg=Reset mod=DIM
(69,28) fg=Reset bg=Reset mod=DIM
(70,28) fg=Reset bg=Reset mod=DIM
(71,28) fg=Reset bg=Reset mod=DIM
(72,28) fg=Reset bg=Reset mod=DIM
(73,28) fg=Reset bg=Reset mod=DIM
(74,28) fg=Reset bg=Reset mod=DIM
(75,28) fg=Reset bg=Reset mod=DIM
(76,28) fg=Reset bg=Reset mod=DIM
(77,28) fg=Reset bg=Reset mod=DIM
(78,28) fg=Reset bg=Reset mod=DIM
(79,28) fg=Reset bg=Reset mod=DIM
(80,28) fg=Reset bg=Reset mod=DIM
(81,28) fg=Reset bg=Reset mod=DIM
(82,28) fg=Reset bg=Reset mod=DIM
(83,28) fg=Reset bg=Reset mod=DIM
(84,28) fg=Reset bg=Reset mod=DIM
(85,28) fg=Reset bg=Reset mod=DIM
(86,28) fg=Reset bg=Reset mod=DIM
(87,28) fg=Reset bg=Reset mod=DIM
(88,28) fg=Reset bg=Reset mod=DIM
(89,28) fg=Reset bg=Reset mod=DIM
(90,28) fg=Reset bg=Reset mod=DIM
(91,28) fg=Reset bg=Reset mod=DIM
(92,28) fg=Reset bg=Reset mod=DIM
(93,28) fg=Reset bg=Reset mod=DIM
(94,28) fg=Reset bg=Reset mod=DIM
(95,28) fg=Reset bg=Reset mod=DIM
(96,28) fg=Reset bg=Reset mod=DIM
(97,28) fg=Reset bg=Reset mod=DIM
(98,28) fg=Reset bg=Reset mod=DIM
(99,28) fg=Reset bg=Reset mod=DIM
(0,29) fg=White bg=DarkGray mod=-
(1,29) fg=White bg=DarkGray mod=-
(2,29) fg=White bg=DarkGray mod=-
(3,29) fg=White bg=DarkGray mod=-
(4,29) fg=White bg=DarkGray mod=-
(5,29) fg=Reset bg=Reset mod=DIM
(6,29) fg=Reset bg=Reset mod=DIM
(7,29) fg=Reset bg=Reset mod=DIM
(8,29) fg=Reset bg=Reset mod=DIM
(9,29) fg=Reset bg=Reset mod=DIM
(10,29) fg=Reset bg=Reset mod=DIM
(13,29) fg=White bg=DarkGray mod=-
(14,29) fg=White bg=DarkGray mod=-
(15,29) fg=White bg=DarkGray mod=-
(16,29) fg=Reset bg=Reset mod=DIM
(17,29) fg=Reset bg=Reset mod=DIM
(18,29) fg=Reset bg=Reset mod=DIM
(19,29) fg=Reset bg=Reset mod=DIM
(20,29) fg=Reset bg=Reset mod=DIM
(23,29) fg=White bg=DarkGray mod=-
(24,29) fg=White bg=DarkGray mod=-
(25,29) fg=White bg=DarkGray mod=-
(26,29) fg=Reset bg=Reset mod=DIM
(27,29) fg=Reset bg=Reset mod=DIM
(28,29) fg=Reset bg=Reset mod=DIM
(29,29) fg=Reset bg=Reset mod=DIM
(30,29) fg=Reset bg=Reset mod=DIM
(31,29) fg=Reset bg=Reset mod=DIM
(32,29) fg=Reset bg=Reset mod=DIM
(33,29) fg=Reset bg=Reset mod=DIM
(36,29) fg=White bg=DarkGray mod=-
(37,29) fg=White bg=DarkGray mod=-
(38,29) fg=White bg=DarkGray mod=-
(39,29) fg=White bg=DarkGray mod=-
(40,29) fg=White bg=DarkGray mod=-
(41,29) fg=Reset bg=Reset mod=DIM
(42,29) fg=Reset bg=Reset mod=DIM
(43,29) fg=Reset bg=Reset mod=DIM
(44,29) fg=Reset bg=Reset mod=DIM
(45,29) fg=Reset bg=Reset mod=DIM
(46,29) fg=Reset bg=Reset mod=DIM
(47,29) fg=Reset bg=Reset mod=DIM
(48,29) fg=Reset bg=Reset mod=DIM
(51,29) fg=White bg=DarkGray mod=-
(52,29) fg=White bg=DarkGray mod=-
(53,29) fg=White bg=DarkGray mod=-
(54,29) fg=White bg=DarkGray mod=-
(55,29) fg=White bg=DarkGray mod=-
(56,29) fg=White bg=DarkGray mod=-
(57,29) fg=White bg=DarkGray mod=-
(58,29) fg=White bg=DarkGray mod=-
(59,29) fg=White bg=DarkGray mod=-
(60,29) fg=White bg=DarkGray mod=-
(61,29) fg=White bg=DarkGray mod=-
(62,29) fg=Reset bg=Reset mod=DIM
(63,29) fg=Reset bg=Reset mod=DIM
(64,29) fg=Reset bg=Reset mod=DIM
(65,29) fg=Reset bg=Reset mod=DIM
(66,29) fg=Reset bg=Reset mod=DIM
(67,29) fg=Reset bg=Reset mod=DIM
(70,29) fg=White bg=DarkGray mod=-
(71,29) fg=White bg=DarkGray mod=-
(72,29) fg=White bg=DarkGray mod=-
(73,29) fg=Reset bg=Reset mod=DIM
(74,29) fg=Reset bg=Reset mod=DIM
(75,29) fg=Reset bg=Reset mod=DIM
(76,29) fg=Reset bg=Reset mod=DIM
(77,29) fg=Reset bg=Reset mod=DIM
(78,29) fg=Reset bg=Reset mod=DIM
(79,29) fg=Reset bg=Reset mod=DIM
(80,29) fg=Reset bg=Reset mod=DIM
(81,29) fg=Reset bg=Reset mod=DIM
